p01 L0   0 words: 
p01 L1   1 words: GENETICS AND EVOLUTION
p01 L2   1 words: Chapter4
p01 L3   1 words: TheworkofMendelandotherswho followed himgaveusan
p01 L4   1 words: ideaofinheritancepatterms.Howeverthenatureof thosefactors
p01 L5   1 words: Principles of Inheritance
p01 L6   1 words: which determine thephenotypewasnotveryclear.As these
p01 L7   2 words: and Variation
p01 L8   1 words: factors'representthegeneticbasisof inheritance,understanding
p01 L9   1 words: Chapter5
p01 L10  1 words: the structure ofgeneticmaterial and the structural basis of
p01 L11  1 words: genotype andphenotype conversion became the focus of
p01 L12  1 words: Molecular Basisof Inheritance
p01 L13  1 words: attention in biology for the next century.The entire body of
p01 L14  2 words: Chapter 6
p01 L15  1 words: contributions from Watson,Crick,Nirenberg,Khorana,Kombergs
p01 L16  1 words: Evolution
p01 L17  1 words: (fatherandson),Benzer,Monod,Brenner,etc.Aparallelproblem
p01 L18  1 words: being tackledwasthemechanismofevolution.Awarenessin the
p01 L19  1 words: areasofmoleculargenetics,structuralbiologyandbioinformatics
p01 L20  1 words: have enriched ourunderstanding of themolecularbasisof
p01 L21  1 words: evolution.In thisunitthe structure andfunction ofDNAand the
p01 L22  1 words: storyandtheoryofevolutionhavebeenexaminedandexplained.
p01 L23  1 words: Reprint 2026-27
p02 L0   1 words: JamesDeweyWatsonwasborninChicagoon6April 1928.In1947,he
p02 L1   1 words: received B.Sc.degreein Zoology.Duringtheseyearshisinterest in
p02 L2   1 words: bird-watchinghadmatured intoaseriousdesiretolearngenetics.This
p02 L3   1 words: becamepossiblewhenhereceivedaFellowshipforgraduatestudyin
p02 L4   0 words: 
p02 L5   1 words: degreein1950onastudyoftheeffectofhardX-raysonbacteriophage
p02 L6   1 words: multiplication.
p02 L7   1 words: HemetCrickanddiscoveredtheircommoninterestinsolvingthe
p02 L8   1 words: DNAstructure.Theirfirstseriouseffort,wasunsatisfactory.Theirsecondeffort
p02 L9   1 words: baseduponmoreexperimentalevidenceandbetterappreciationof
p02 L10  1 words: thenucleicacid literature,resulted,earlyinMarch 1953,intheproposal
p02 L11  0 words: 
p02 L12  1 words: FrancisHarryComptonCrickwasbornon8June1916,atNorthampton
p02 L13  1 words: England.HestudiedphysicsatUniversityCollege,Londonandobtained
p02 L14  1 words: JAMES WATSON
p02 L15  1 words: a B.Sc.in 1937.He completed Ph.D.in 1954ona thesisentitledX-ray
p02 L16  2 words: FRANCIS CRICK
p02 L17  1 words: Diffraction:Polypeptides and Proteins
p02 L18  1 words: Acritical influenceinCrick'scareer washis friendshipwith J.D
p02 L19  1 words: thedouble-helicalstructureforDNAandthereplicationscheme.Crick
p02 L20  1 words: wasmade an F.R.S.in 1959.
p02 L21  1 words: ThehonourstoWatsonwithCrickinclude:theJohnCollinsWarren
p02 L22  1 words: PrizeoftheMassachusettsGeneralHospital,in1959;theLaskerAward
p02 L23  1 words: in 1960;the ResearchCorporation Prize,in 1962andaboveall,the
p02 L24  4 words: Nobel Prize in 1962.
p02 L25  1 words: Reprint 2026-27
p03 L0   2 words: R 十
p03 L1   1 words: 12083CH05
p03 L2   1 words: PRINCIPLES OFINHERITANCE
p03 L3   1 words: R
p03 L4   0 words: 
p03 L5   1 words: 1
p03 L6   1 words: Inheritance
p03 L7   1 words: Haveyoueverwonderedwhyan elephant alwaysgives
p03 L8   2 words: Inheritance of One Gene
p03 L9   1 words: 4.2
p03 L10  1 words: birth only to ababyelephant and not some other animal?
p03 L11  2 words: Inheritance ofTwoGenes
p03 L12  1 words: 4.3
p03 L13  3 words: any c other rplant?
p03 L14  1 words: SexDetermination
p03 L15  1 words: 4.4
p03 L16  1 words: Given that they do,are theoffspringidentical totheir
p03 L17  1 words: Mutation
p03 L18  1 words: 4.5
p03 L19  1 words: parents? Or do they show differences in some of their
p03 L20  1 words: characteristics? Haveyou ever wondered why siblings
p03 L21  1 words: GeneticDisorders
p03 L22  1 words: 4.6
p03 L23  1 words: sometimeslooksosimilartoeachother?Orsometimes
p03 L24  1 words: even so different?
p03 L25  3 words: These ands severalrelated questions are dealt with
p03 L26  1 words: scientifically,in a branch of biologyknown as Genetics.
p03 L27  1 words: This subject deals with the inheritance,aswell as the
p03 L28  3 words: variationof characters from parents to offspring.
p03 L29  2 words: Inheritanceis theprocessb by whichcharacters arepassed
p03 L30  2 words: onfrom parent to progeny;it is the basis of heredity.
p03 L31  1 words: Variationisthedegreebywhichprogenydifferfrom their
p03 L32  1 words: parents.
p03 L33  1 words: Humansknewfromasearlyas8000-1000B.C.that
p03 L34  2 words: one of the causesof variationwas hiddenin sexual
p03 L35  3 words: reproduction. They exploited thevariations that were
p03 L36  3 words: naturally present in the wild populations ofplants and
p03 L37  1 words: animalstoselectivelybreed andselectfororganisms that
p03 L38  1 words: possessed desirable characters.For example,through
p03 L39  1 words: artificialselectionanddomesticationfromancestral
p03 L40  1 words: Reprint 2026-27
p04 L0   1 words: BIOLOGY
p04 L1   2 words: Character Dominant trait
p04 L2   2 words: Recessive trait
p04 L3   4 words: wild cows,we have well-known Indian
p04 L4   2 words: breeds,e.g.,Sahiwal cows in Punjab.We
p04 L5   2 words: Seed shape
p04 L6   2 words: must,however,recognise that though 1Our
p04 L7   1 words: Round
p04 L8   1 words: Wrinkled
p04 L9   2 words: ancestors knew about the inheritance of
p04 L10  2 words: Seed colour
p04 L11  5 words: characters and variation, they had very
p04 L12  1 words: littleidea about thescientificbasis ofthese
p04 L13  1 words: Yellow
p04 L14  1 words: Green
